Archive member included to satisfy reference by file (symbol)

c:/st/stm32cubeide_1.5.1/stm32cubeide/plugins/com.st.stm32cube.ide.mcu.externaltools.gnu-tools-for-stm32.7-2018-q2-update.win32_1.5.0.202011040924/tools/bin/../lib/gcc/arm-none-eabi/7.3.1/../../../../arm-none-eabi/lib/thumb/v7e-m/fpv4-sp/hard\libc_nano.a(lib_a-errno.o)
                              Core/Src/syscalls.o (__errno)
c:/st/stm32cubeide_1.5.1/stm32cubeide/plugins/com.st.stm32cube.ide.mcu.externaltools.gnu-tools-for-stm32.7-2018-q2-update.win32_1.5.0.202011040924/tools/bin/../lib/gcc/arm-none-eabi/7.3.1/../../../../arm-none-eabi/lib/thumb/v7e-m/fpv4-sp/hard\libc_nano.a(lib_a-exit.o)
                              c:/st/stm32cubeide_1.5.1/stm32cubeide/plugins/com.st.stm32cube.ide.mcu.externaltools.gnu-tools-for-stm32.7-2018-q2-update.win32_1.5.0.202011040924/tools/bin/../lib/gcc/arm-none-eabi/7.3.1/../../../../arm-none-eabi/lib/thumb/v7e-m/fpv4-sp/hard/crt0.o (exit)
c:/st/stm32cubeide_1.5.1/stm32cubeide/plugins/com.st.stm32cube.ide.mcu.externaltools.gnu-tools-for-stm32.7-2018-q2-update.win32_1.5.0.202011040924/tools/bin/../lib/gcc/arm-none-eabi/7.3.1/../../../../arm-none-eabi/lib/thumb/v7e-m/fpv4-sp/hard\libc_nano.a(lib_a-impure.o)
                              c:/st/stm32cubeide_1.5.1/stm32cubeide/plugins/com.st.stm32cube.ide.mcu.externaltools.gnu-tools-for-stm32.7-2018-q2-update.win32_1.5.0.202011040924/tools/bin/../lib/gcc/arm-none-eabi/7.3.1/../../../../arm-none-eabi/lib/thumb/v7e-m/fpv4-sp/hard\libc_nano.a(lib_a-exit.o) (_global_impure_ptr)
c:/st/stm32cubeide_1.5.1/stm32cubeide/plugins/com.st.stm32cube.ide.mcu.externaltools.gnu-tools-for-stm32.7-2018-q2-update.win32_1.5.0.202011040924/tools/bin/../lib/gcc/arm-none-eabi/7.3.1/../../../../arm-none-eabi/lib/thumb/v7e-m/fpv4-sp/hard\libc_nano.a(lib_a-init.o)
                              c:/st/stm32cubeide_1.5.1/stm32cubeide/plugins/com.st.stm32cube.ide.mcu.externaltools.gnu-tools-for-stm32.7-2018-q2-update.win32_1.5.0.202011040924/tools/bin/../lib/gcc/arm-none-eabi/7.3.1/../../../../arm-none-eabi/lib/thumb/v7e-m/fpv4-sp/hard/crt0.o (__libc_init_array)
c:/st/stm32cubeide_1.5.1/stm32cubeide/plugins/com.st.stm32cube.ide.mcu.externaltools.gnu-tools-for-stm32.7-2018-q2-update.win32_1.5.0.202011040924/tools/bin/../lib/gcc/arm-none-eabi/7.3.1/../../../../arm-none-eabi/lib/thumb/v7e-m/fpv4-sp/hard\libc_nano.a(lib_a-memset.o)
                              c:/st/stm32cubeide_1.5.1/stm32cubeide/plugins/com.st.stm32cube.ide.mcu.externaltools.gnu-tools-for-stm32.7-2018-q2-update.win32_1.5.0.202011040924/tools/bin/../lib/gcc/arm-none-eabi/7.3.1/../../../../arm-none-eabi/lib/thumb/v7e-m/fpv4-sp/hard/crt0.o (memset)
c:/st/stm32cubeide_1.5.1/stm32cubeide/plugins/com.st.stm32cube.ide.mcu.externaltools.gnu-tools-for-stm32.7-2018-q2-update.win32_1.5.0.202011040924/tools/bin/../lib/gcc/arm-none-eabi/7.3.1/../../../../arm-none-eabi/lib/thumb/v7e-m/fpv4-sp/hard\libc_nano.a(lib_a-sprintf.o)
                              Core/Src/main.o (sprintf)
c:/st/stm32cubeide_1.5.1/stm32cubeide/plugins/com.st.stm32cube.ide.mcu.externaltools.gnu-tools-for-stm32.7-2018-q2-update.win32_1.5.0.202011040924/tools/bin/../lib/gcc/arm-none-eabi/7.3.1/../../../../arm-none-eabi/lib/thumb/v7e-m/fpv4-sp/hard\libc_nano.a(lib_a-nano-svfprintf.o)
                              c:/st/stm32cubeide_1.5.1/stm32cubeide/plugins/com.st.stm32cube.ide.mcu.externaltools.gnu-tools-for-stm32.7-2018-q2-update.win32_1.5.0.202011040924/tools/bin/../lib/gcc/arm-none-eabi/7.3.1/../../../../arm-none-eabi/lib/thumb/v7e-m/fpv4-sp/hard\libc_nano.a(lib_a-sprintf.o) (_svfprintf_r)
c:/st/stm32cubeide_1.5.1/stm32cubeide/plugins/com.st.stm32cube.ide.mcu.externaltools.gnu-tools-for-stm32.7-2018-q2-update.win32_1.5.0.202011040924/tools/bin/../lib/gcc/arm-none-eabi/7.3.1/../../../../arm-none-eabi/lib/thumb/v7e-m/fpv4-sp/hard\libc_nano.a(lib_a-nano-vfprintf_i.o)
                              c:/st/stm32cubeide_1.5.1/stm32cubeide/plugins/com.st.stm32cube.ide.mcu.externaltools.gnu-tools-for-stm32.7-2018-q2-update.win32_1.5.0.202011040924/tools/bin/../lib/gcc/arm-none-eabi/7.3.1/../../../../arm-none-eabi/lib/thumb/v7e-m/fpv4-sp/hard\libc_nano.a(lib_a-nano-svfprintf.o) (_printf_i)
c:/st/stm32cubeide_1.5.1/stm32cubeide/plugins/com.st.stm32cube.ide.mcu.externaltools.gnu-tools-for-stm32.7-2018-q2-update.win32_1.5.0.202011040924/tools/bin/../lib/gcc/arm-none-eabi/7.3.1/../../../../arm-none-eabi/lib/thumb/v7e-m/fpv4-sp/hard\libc_nano.a(lib_a-memchr.o)
                              c:/st/stm32cubeide_1.5.1/stm32cubeide/plugins/com.st.stm32cube.ide.mcu.externaltools.gnu-tools-for-stm32.7-2018-q2-update.win32_1.5.0.202011040924/tools/bin/../lib/gcc/arm-none-eabi/7.3.1/../../../../arm-none-eabi/lib/thumb/v7e-m/fpv4-sp/hard\libc_nano.a(lib_a-nano-svfprintf.o) (memchr)
[...]
Memory Configuration

Name             Origin             Length             Attributes
RAM              0x0000000020000000 0x0000000000028000 xrw
FLASH            0x0000000008000000 0x0000000000080000 xr
*default*        0x0000000000000000 0xffffffffffffffff

Linker script and memory map

LOAD c:/st/stm32cubeide_1.5.1/stm32cubeide/plugins/com.st.stm32cube.ide.mcu.externaltools.gnu-tools-for-stm32.7-2018-q2-update.win32_1.5.0.202011040924/tools/bin/../lib/gcc/arm-none-eabi/7.3.1/thumb/v7e-m/fpv4-sp/hard/crti.o
LOAD c:/st/stm32cubeide_1.5.1/stm32cubeide/plugins/com.st.stm32cube.ide.mcu.externaltools.gnu-tools-for-stm32.7-2018-q2-update.win32_1.5.0.202011040924/tools/bin/../lib/gcc/arm-none-eabi/7.3.1/thumb/v7e-m/fpv4-sp/hard/crtbegin.o
LOAD c:/st/stm32cubeide_1.5.1/stm32cubeide/plugins/com.st.stm32cube.ide.mcu.externaltools.gnu-tools-for-stm32.7-2018-q2-update.win32_1.5.0.202011040924/tools/bin/../lib/gcc/arm-none-eabi/7.3.1/../../../../arm-none-eabi/lib/thumb/v7e-m/fpv4-sp/hard/crt0.o
LOAD Core/Src/accel.o
LOAD Core/Src/main.o
LOAD Core/Src/stm32l4xx_hal_msp.o
LOAD Core/Src/stm32l4xx_it.o
LOAD Core/Src/syscalls.o
LOAD Core/Src/sysmem.o
LOAD Core/Src/system_stm32l4xx.o
LOAD Core/Startup/startup_stm32l452retx.o
LOAD Drivers/STM32L4xx_HAL_Driver/Src/stm32l4xx_hal.o
LOAD Drivers/STM32L4xx_HAL_Driver/Src/stm32l4xx_hal_cortex.o
LOAD Drivers/STM32L4xx_HAL_Driver/Src/stm32l4xx_hal_dma.o
LOAD Drivers/STM32L4xx_HAL_Driver/Src/stm32l4xx_hal_dma_ex.o
LOAD Drivers/STM32L4xx_HAL_Driver/Src/stm32l4xx_hal_exti.o
LOAD Drivers/STM32L4xx_HAL_Driver/Src/stm32l4xx_hal_flash.o
LOAD Drivers/STM32L4xx_HAL_Driver/Src/stm32l4xx_hal_flash_ex.o
LOAD Drivers/STM32L4xx_HAL_Driver/Src/stm32l4xx_hal_flash_ramfunc.o
LOAD Drivers/STM32L4xx_HAL_Driver/Src/stm32l4xx_hal_gpio.o
LOAD Drivers/STM32L4xx_HAL_Driver/Src/stm32l4xx_hal_i2c.o
LOAD Drivers/STM32L4xx_HAL_Driver/Src/stm32l4xx_hal_i2c_ex.o
LOAD Drivers/STM32L4xx_HAL_Driver/Src/stm32l4xx_hal_pwr.o
LOAD Drivers/STM32L4xx_HAL_Driver/Src/stm32l4xx_hal_pwr_ex.o
LOAD Drivers/STM32L4xx_HAL_Driver/Src/stm32l4xx_hal_rcc.o
LOAD Drivers/STM32L4xx_HAL_Driver/Src/stm32l4xx_hal_rcc_ex.o
LOAD Drivers/STM32L4xx_HAL_Driver/Src/stm32l4xx_hal_spi.o
LOAD Drivers/STM32L4xx_HAL_Driver/Src/stm32l4xx_hal_spi_ex.o
LOAD Drivers/STM32L4xx_HAL_Driver/Src/stm32l4xx_hal_tim.o
LOAD Drivers/STM32L4xx_HAL_Driver/Src/stm32l4xx_hal_tim_ex.o
LOAD Drivers/STM32L4xx_HAL_Driver/Src/stm32l4xx_hal_uart.o
LOAD Drivers/STM32L4xx_HAL_Driver/Src/stm32l4xx_hal_uart_ex.o
START GROUP
LOAD c:/st/stm32cubeide_1.5.1/stm32cubeide/plugins/com.st.stm32cube.ide.mcu.externaltools.gnu-tools-for-stm32.7-2018-q2-update.win32_1.5.0.202011040924/tools/bin/../lib/gcc/arm-none-eabi/7.3.1/../../../../arm-none-eabi/lib/thumb/v7e-m/fpv4-sp/hard\libc_nano.a
LOAD c:/st/stm32cubeide_1.5.1/stm32cubeide/plugins/com.st.stm32cube.ide.mcu.externaltools.gnu-tools-for-stm32.7-2018-q2-update.win32_1.5.0.202011040924/tools/bin/../lib/gcc/arm-none-eabi/7.3.1/../../../../arm-none-eabi/lib/thumb/v7e-m/fpv4-sp/hard\libm.a
END GROUP
START GROUP
LOAD c:/st/stm32cubeide_1.5.1/stm32cubeide/plugins/com.st.stm32cube.ide.mcu.externaltools.gnu-tools-for-stm32.7-2018-q2-update.win32_1.5.0.202011040924/tools/bin/../lib/gcc/arm-none-eabi/7.3.1/thumb/v7e-m/fpv4-sp/hard\libgcc.a
LOAD c:/st/stm32cubeide_1.5.1/stm32cubeide/plugins/com.st.stm32cube.ide.mcu.externaltools.gnu-tools-for-stm32.7-2018-q2-update.win32_1.5.0.202011040924/tools/bin/../lib/gcc/arm-none-eabi/7.3.1/../../../../arm-none-eabi/lib/thumb/v7e-m/fpv4-sp/hard\libc_nano.a
END GROUP
START GROUP
LOAD c:/st/stm32cubeide_1.5.1/stm32cubeide/plugins/com.st.stm32cube.ide.mcu.externaltools.gnu-tools-for-stm32.7-2018-q2-update.win32_1.5.0.202011040924/tools/bin/../lib/gcc/arm-none-eabi/7.3.1/thumb/v7e-m/fpv4-sp/hard\libgcc.a
LOAD c:/st/stm32cubeide_1.5.1/stm32cubeide/plugins/com.st.stm32cube.ide.mcu.externaltools.gnu-tools-for-stm32.7-2018-q2-update.win32_1.5.0.202011040924/tools/bin/../lib/gcc/arm-none-eabi/7.3.1/../../../../arm-none-eabi/lib/thumb/v7e-m/fpv4-sp/hard\libc_nano.a
LOAD c:/st/stm32cubeide_1.5.1/stm32cubeide/plugins/com.st.stm32cube.ide.mcu.externaltools.gnu-tools-for-stm32.7-2018-q2-update.win32_1.5.0.202011040924/tools/bin/../lib/gcc/arm-none-eabi/7.3.1/../../../../arm-none-eabi/lib/thumb/v7e-m/fpv4-sp/hard\libnosys.a
END GROUP
START GROUP
LOAD c:/st/stm32cubeide_1.5.1/stm32cubeide/plugins/com.st.stm32cube.ide.mcu.externaltools.gnu-tools-for-stm32.7-2018-q2-update.win32_1.5.0.202011040924/tools/bin/../lib/gcc/arm-none-eabi/7.3.1/thumb/v7e-m/fpv4-sp/hard\libgcc.a
LOAD c:/st/stm32cubeide_1.5.1/stm32cubeide/plugins/com.st.stm32cube.ide.mcu.externaltools.gnu-tools-for-stm32.7-2018-q2-update.win32_1.5.0.202011040924/tools/bin/../lib/gcc/arm-none-eabi/7.3.1/../../../../arm-none-eabi/lib/thumb/v7e-m/fpv4-sp/hard\libc_nano.a
LOAD c:/st/stm32cubeide_1.5.1/stm32cubeide/plugins/com.st.stm32cube.ide.mcu.externaltools.gnu-tools-for-stm32.7-2018-q2-update.win32_1.5.0.202011040924/tools/bin/../lib/gcc/arm-none-eabi/7.3.1/../../../../arm-none-eabi/lib/thumb/v7e-m/fpv4-sp/hard\libnosys.a
END GROUP
LOAD c:/st/stm32cubeide_1.5.1/stm32cubeide/plugins/com.st.stm32cube.ide.mcu.externaltools.gnu-tools-for-stm32.7-2018-q2-update.win32_1.5.0.202011040924/tools/bin/../lib/gcc/arm-none-eabi/7.3.1/thumb/v7e-m/fpv4-sp/hard/crtend.o
LOAD c:/st/stm32cubeide_1.5.1/stm32cubeide/plugins/com.st.stm32cube.ide.mcu.externaltools.gnu-tools-for-stm32.7-2018-q2-update.win32_1.5.0.202011040924/tools/bin/../lib/gcc/arm-none-eabi/7.3.1/thumb/v7e-m/fpv4-sp/hard/crtn.o
                0x0000000020028000                _estack = (ORIGIN (RAM) + LENGTH (RAM))
                0x0000000000000200                _Min_Heap_Size = 0x200
                0x0000000000000400                _Min_Stack_Size = 0x400

.isr_vector     0x0000000008000000      0x194
                0x0000000008000000                . = ALIGN (0x4)
 *(.isr_vector)
 .isr_vector    0x0000000008000000      0x194 Core/Startup/startup_stm32l452retx.o
                0x0000000008000000                g_pfnVectors
                0x0000000008000194                . = ALIGN (0x4)

.text           0x0000000008000194     0x489c
                0x0000000008000194                . = ALIGN (0x4)
 *(.text)
 .text          0x0000000008000194       0x40 c:/st/stm32cubeide_1.5.1/stm32cubeide/plugins/com.st.stm32cube.ide.mcu.externaltools.gnu-tools-for-stm32.7-2018-q2-update.win32_1.5.0.202011040924/tools/bin/../lib/gcc/arm-none-eabi/7.3.1/thumb/v7e-m/fpv4-sp/hard/crtbegin.o
 .text          0x00000000080001d4       0x30 c:/st/stm32cubeide_1.5.1/stm32cubeide/plugins/com.st.stm32cube.ide.mcu.externaltools.gnu-tools-for-stm32.7-2018-q2-update.win32_1.5.0.202011040924/tools/bin/../lib/gcc/arm-none-eabi/7.3.1/thumb/v7e-m/fpv4-sp/hard\libgcc.a(_aeabi_uldivmod.o)
                0x00000000080001d4                __aeabi_uldivmod
 .text          0x0000000008000204      0x2cc c:/st/stm32cubeide_1.5.1/stm32cubeide/plugins/com.st.stm32cube.ide.mcu.externaltools.gnu-tools-for-stm32.7-2018-q2-update.win32_1.5.0.202011040924/tools/bin/../lib/gcc/arm-none-eabi/7.3.1/thumb/v7e-m/fpv4-sp/hard\libgcc.a(_udivmoddi4.o)
                0x0000000008000204                __udivmoddi4
 .text          0x00000000080004d0        0x4 c:/st/stm32cubeide_1.5.1/stm32cubeide/plugins/com.st.stm32cube.ide.mcu.externaltools.gnu-tools-for-stm32.7-2018-q2-update.win32_1.5.0.202011040924/tools/bin/../lib/gcc/arm-none-eabi/7.3.1/thumb/v7e-m/fpv4-sp/hard\libgcc.a(_dvmd_tls.o)
                0x00000000080004d0                __aeabi_idiv0
                0x00000000080004d0                __aeabi_ldiv0
 *(.text*)
 .text.reg_read_IT
                0x00000000080004d4       0x5a Core/Src/accel.o
                0x00000000080004d4                reg_read_IT
 .text.reg_read
                0x000000000800052e       0x6c Core/Src/accel.o
                0x000000000800052e                reg_read
 .text.reg_read_CS
                0x000000000800059a       0x6c Core/Src/accel.o
                0x000000000800059a                reg_read_CS
 .text.reg_write
                0x0000000008000606       0x5e Core/Src/accel.o
 .text.fifo_init
                0x0000000008000664       0x46 Core/Src/accel.o
 .text.int1_init
                0x00000000080006aa       0x20 Core/Src/accel.o
 .text.stream_start
                0x00000000080006ca       0x4e Core/Src/accel.o
                0x00000000080006ca                stream_start
 .text.fifo_data
                0x0000000008000718       0x46 Core/Src/accel.o
                0x0000000008000718                fifo_data
 *fill*         0x000000000800075e        0x2 
 .text.main     0x0000000008000760       0x74 Core/Src/main.o
                0x0000000008000760                main
 .text.SystemClock_Config
                0x00000000080007d4       0xe2 Core/Src/main.o
                0x00000000080007d4                SystemClock_Config
 *fill*         0x00000000080008b6        0x2 
 .text.MX_SPI1_Init
                0x00000000080008b8       0x7c Core/Src/main.o
 .text.MX_USART1_UART_Init
                0x0000000008000934       0x60 Core/Src/main.o
 .text.MX_USART2_UART_Init
                0x0000000008000994       0x60 Core/Src/main.o
 .text.MX_GPIO_Init
                0x00000000080009f4      0x120 Core/Src/main.o
 .text.HAL_SPI_RxCpltCallback
                0x0000000008000b14       0x78 Core/Src/main.o
                0x0000000008000b14                HAL_SPI_RxCpltCallback
 .text.HAL_GPIO_EXTI_Callback
                0x0000000008000b8c       0x40 Core/Src/main.o
                0x0000000008000b8c                HAL_GPIO_EXTI_Callback
 .text.Error_Handler
                0x0000000008000bcc        0x8 Core/Src/main.o
                0x0000000008000bcc                Error_Handler
 .text.HAL_MspInit
                0x0000000008000bd4       0x48 Core/Src/stm32l4xx_hal_msp.o
                0x0000000008000bd4                HAL_MspInit
 .text.HAL_SPI_MspInit
                0x0000000008000c1c       0x94 Core/Src/stm32l4xx_hal_msp.o
                0x0000000008000c1c                HAL_SPI_MspInit
 .text.HAL_UART_MspInit
                0x0000000008000cb0       0xe8 Core/Src/stm32l4xx_hal_msp.o
                0x0000000008000cb0                HAL_UART_MspInit
 .text.NMI_Handler
                0x0000000008000d98        0x6 Core/Src/stm32l4xx_it.o
                0x0000000008000d98                NMI_Handler
 .text.HardFault_Handler
                0x0000000008000d9e        0x6 Core/Src/stm32l4xx_it.o
                0x0000000008000d9e                HardFault_Handler
 .text.MemManage_Handler
                0x0000000008000da4        0x6 Core/Src/stm32l4xx_it.o
                0x0000000008000da4                MemManage_Handler
 .text.BusFault_Handler
                0x0000000008000daa        0x6 Core/Src/stm32l4xx_it.o
                0x0000000008000daa                BusFault_Handler
 .text.UsageFault_Handler
                0x0000000008000db0        0x6 Core/Src/stm32l4xx_it.o
                0x0000000008000db0                UsageFault_Handler
 .text.SVC_Handler
                0x0000000008000db6        0xe Core/Src/stm32l4xx_it.o
                0x0000000008000db6                SVC_Handler
 .text.DebugMon_Handler
                0x0000000008000dc4        0xe Core/Src/stm32l4xx_it.o
                0x0000000008000dc4                DebugMon_Handler
 .text.PendSV_Handler
                0x0000000008000dd2        0xe Core/Src/stm32l4xx_it.o
                0x0000000008000dd2                PendSV_Handler
 .text.SysTick_Handler
                0x0000000008000de0        0xc Core/Src/stm32l4xx_it.o
                0x0000000008000de0                SysTick_Handler
 .text.EXTI0_IRQHandler
                0x0000000008000dec        0xe Core/Src/stm32l4xx_it.o
                0x0000000008000dec                EXTI0_IRQHandler
 .text.EXTI9_5_IRQHandler
                0x0000000008000dfa        0xe Core/Src/stm32l4xx_it.o
                0x0000000008000dfa                EXTI9_5_IRQHandler
 .text.SPI1_IRQHandler
                0x0000000008000e08       0x14 Core/Src/stm32l4xx_it.o
                0x0000000008000e08                SPI1_IRQHandler
 .text.SystemInit
                0x0000000008000e1c       0x6c Core/Src/system_stm32l4xx.o
                0x0000000008000e1c                SystemInit
 .text.Reset_Handler
                0x0000000008000e88       0x50 Core/Startup/startup_stm32l452retx.o
                0x0000000008000e88                Reset_Handler
 .text.Default_Handler
                0x0000000008000ed8        0x2 Core/Startup/startup_stm32l452retx.o
                0x0000000008000ed8                RTC_Alarm_IRQHandler
                0x0000000008000ed8                EXTI2_IRQHandler
                0x0000000008000ed8                TIM1_CC_IRQHandler
                0x0000000008000ed8                TSC_IRQHandler
                0x0000000008000ed8                TAMP_STAMP_IRQHandler
                0x0000000008000ed8                EXTI3_IRQHandler
                0x0000000008000ed8                LPTIM2_IRQHandler
                0x0000000008000ed8                DFSDM1_FLT1_IRQHandler
                0x0000000008000ed8                I2C3_ER_IRQHandler
                0x0000000008000ed8                I2C2_EV_IRQHandler
                0x0000000008000ed8                CAN1_RX0_IRQHandler
                0x0000000008000ed8                FPU_IRQHandler
                0x0000000008000ed8                TIM1_UP_TIM16_IRQHandler
                0x0000000008000ed8                TIM6_DAC_IRQHandler
                0x0000000008000ed8                DMA2_Channel2_IRQHandler
                0x0000000008000ed8                DMA1_Channel4_IRQHandler
                0x0000000008000ed8                ADC1_IRQHandler
                0x0000000008000ed8                USART3_IRQHandler
                0x0000000008000ed8                DMA1_Channel7_IRQHandler
                0x0000000008000ed8                CAN1_RX1_IRQHandler
                0x0000000008000ed8                DMA2_Channel1_IRQHandler
                0x0000000008000ed8                QUADSPI_IRQHandler
                0x0000000008000ed8                I2C1_EV_IRQHandler
                0x0000000008000ed8                DMA1_Channel6_IRQHandler
                0x0000000008000ed8                UART4_IRQHandler
                0x0000000008000ed8                DMA2_Channel4_IRQHandler
                0x0000000008000ed8                TIM3_IRQHandler
                0x0000000008000ed8                RCC_IRQHandler
                0x0000000008000ed8                TIM1_TRG_COM_IRQHandler
                0x0000000008000ed8                DMA1_Channel1_IRQHandler
                0x0000000008000ed8                Default_Handler
                0x0000000008000ed8                DMA2_Channel7_IRQHandler
                0x0000000008000ed8                EXTI15_10_IRQHandler
                0x0000000008000ed8                SDMMC1_IRQHandler
                0x0000000008000ed8                I2C3_EV_IRQHandler
                0x0000000008000ed8                USB_IRQHandler
                0x0000000008000ed8                RTC_WKUP_IRQHandler
                0x0000000008000ed8                PVD_PVM_IRQHandler
                0x0000000008000ed8                SPI2_IRQHandler
                0x0000000008000ed8                CAN1_TX_IRQHandler
                0x0000000008000ed8                DMA2_Channel5_IRQHandler
                0x0000000008000ed8                CRS_IRQHandler
                0x0000000008000ed8                DMA1_Channel5_IRQHandler
                0x0000000008000ed8                EXTI4_IRQHandler
                0x0000000008000ed8                RNG_IRQHandler
                0x0000000008000ed8                DMA1_Channel3_IRQHandler
                0x0000000008000ed8                COMP_IRQHandler
                0x0000000008000ed8                WWDG_IRQHandler
                0x0000000008000ed8                I2C4_EV_IRQHandler
                0x0000000008000ed8                LPUART1_IRQHandler
                0x0000000008000ed8                DMA2_Channel6_IRQHandler
                0x0000000008000ed8                TIM2_IRQHandler
                0x0000000008000ed8                EXTI1_IRQHandler
                0x0000000008000ed8                USART2_IRQHandler
                0x0000000008000ed8                DFSDM1_FLT0_IRQHandler
                0x0000000008000ed8                I2C2_ER_IRQHandler
                0x0000000008000ed8                DMA1_Channel2_IRQHandler
                0x0000000008000ed8                CAN1_SCE_IRQHandler
                0x0000000008000ed8                FLASH_IRQHandler
                0x0000000008000ed8                USART1_IRQHandler
                0x0000000008000ed8                SPI3_IRQHandler
                0x0000000008000ed8                I2C1_ER_IRQHandler
                0x0000000008000ed8                LPTIM1_IRQHandler
                0x0000000008000ed8                I2C4_ER_IRQHandler
                0x0000000008000ed8                SAI1_IRQHandler
                0x0000000008000ed8                DMA2_Channel3_IRQHandler
                0x0000000008000ed8                TIM1_BRK_TIM15_IRQHandler
 *fill*         0x0000000008000eda        0x2 
 .text.HAL_Init
                0x0000000008000edc       0x40 Drivers/STM32L4xx_HAL_Driver/Src/stm32l4xx_hal.o
                0x0000000008000edc                HAL_Init
 .text.HAL_InitTick
                0x0000000008000f1c       0x78 Drivers/STM32L4xx_HAL_Driver/Src/stm32l4xx_hal.o
                0x0000000008000f1c                HAL_InitTick
 .text.HAL_IncTick
                0x0000000008000f94       0x28 Drivers/STM32L4xx_HAL_Driver/Src/stm32l4xx_hal.o
                0x0000000008000f94                HAL_IncTick
 .text.HAL_GetTick
                0x0000000008000fbc       0x18 Drivers/STM32L4xx_HAL_Driver/Src/stm32l4xx_hal.o
                0x0000000008000fbc                HAL_GetTick
 .text.__NVIC_SetPriorityGrouping
                0x0000000008000fd4       0x48 Drivers/STM32L4xx_HAL_Driver/Src/stm32l4xx_hal_cortex.o
 .text.__NVIC_GetPriorityGrouping
                0x000000000800101c       0x1c Drivers/STM32L4xx_HAL_Driver/Src/stm32l4xx_hal_cortex.o
 .text.__NVIC_EnableIRQ
                0x0000000008001038       0x3c Drivers/STM32L4xx_HAL_Driver/Src/stm32l4xx_hal_cortex.o
 .text.__NVIC_SetPriority
                0x0000000008001074       0x54 Drivers/STM32L4xx_HAL_Driver/Src/stm32l4xx_hal_cortex.o
 .text.NVIC_EncodePriority
                0x00000000080010c8       0x66 Drivers/STM32L4xx_HAL_Driver/Src/stm32l4xx_hal_cortex.o
 *fill*         0x000000000800112e        0x2 
 .text.SysTick_Config
                0x0000000008001130       0x44 Drivers/STM32L4xx_HAL_Driver/Src/stm32l4xx_hal_cortex.o
 .text.HAL_NVIC_SetPriorityGrouping
                0x0000000008001174       0x16 Drivers/STM32L4xx_HAL_Driver/Src/stm32l4xx_hal_cortex.o
                0x0000000008001174                HAL_NVIC_SetPriorityGrouping
 .text.HAL_NVIC_SetPriority
                0x000000000800118a       0x38 Drivers/STM32L4xx_HAL_Driver/Src/stm32l4xx_hal_cortex.o
                0x000000000800118a                HAL_NVIC_SetPriority
 .text.HAL_NVIC_EnableIRQ
                0x00000000080011c2       0x1c Drivers/STM32L4xx_HAL_Driver/Src/stm32l4xx_hal_cortex.o
                0x00000000080011c2                HAL_NVIC_EnableIRQ
 .text.HAL_SYSTICK_Config
                0x00000000080011de       0x18 Drivers/STM32L4xx_HAL_Driver/Src/stm32l4xx_hal_cortex.o
                0x00000000080011de                HAL_SYSTICK_Config
 .text.HAL_DMA_Abort_IT
                0x00000000080011f6       0x82 Drivers/STM32L4xx_HAL_Driver/Src/stm32l4xx_hal_dma.o
                0x00000000080011f6                HAL_DMA_Abort_IT
 .text.HAL_GPIO_Init
                0x0000000008001278      0x2f4 Drivers/STM32L4xx_HAL_Driver/Src/stm32l4xx_hal_gpio.o
                0x0000000008001278                HAL_GPIO_Init
 .text.HAL_GPIO_WritePin
                0x000000000800156c       0x30 Drivers/STM32L4xx_HAL_Driver/Src/stm32l4xx_hal_gpio.o
                0x000000000800156c                HAL_GPIO_WritePin
 .text.HAL_GPIO_TogglePin
                0x000000000800159c       0x34 Drivers/STM32L4xx_HAL_Driver/Src/stm32l4xx_hal_gpio.o
                0x000000000800159c                HAL_GPIO_TogglePin
 .text.HAL_GPIO_EXTI_IRQHandler
                0x00000000080015d0       0x30 Drivers/STM32L4xx_HAL_Driver/Src/stm32l4xx_hal_gpio.o
                0x00000000080015d0                HAL_GPIO_EXTI_IRQHandler
 .text.HAL_PWREx_GetVoltageRange
                0x0000000008001600       0x1c Drivers/STM32L4xx_HAL_Driver/Src/stm32l4xx_hal_pwr_ex.o
                0x0000000008001600                HAL_PWREx_GetVoltageRange
 .text.HAL_PWREx_ControlVoltageScaling
                0x000000000800161c       0xac Drivers/STM32L4xx_HAL_Driver/Src/stm32l4xx_hal_pwr_ex.o
                0x000000000800161c                HAL_PWREx_ControlVoltageScaling
 .text.HAL_RCC_OscConfig
                0x00000000080016c8      0x840 Drivers/STM32L4xx_HAL_Driver/Src/stm32l4xx_hal_rcc.o
                0x00000000080016c8                HAL_RCC_OscConfig
 .text.HAL_RCC_ClockConfig
                0x0000000008001f08      0x1c4 Drivers/STM32L4xx_HAL_Driver/Src/stm32l4xx_hal_rcc.o
                0x0000000008001f08                HAL_RCC_ClockConfig
 .text.HAL_RCC_GetSysClockFreq
                0x00000000080020cc      0x114 Drivers/STM32L4xx_HAL_Driver/Src/stm32l4xx_hal_rcc.o
                0x00000000080020cc                HAL_RCC_GetSysClockFreq
 .text.HAL_RCC_GetHCLKFreq
                0x00000000080021e0       0x18 Drivers/STM32L4xx_HAL_Driver/Src/stm32l4xx_hal_rcc.o
                0x00000000080021e0                HAL_RCC_GetHCLKFreq
 .text.HAL_RCC_GetPCLK1Freq
                0x00000000080021f8       0x2c Drivers/STM32L4xx_HAL_Driver/Src/stm32l4xx_hal_rcc.o
                0x00000000080021f8                HAL_RCC_GetPCLK1Freq
 .text.HAL_RCC_GetPCLK2Freq
                0x0000000008002224       0x2c Drivers/STM32L4xx_HAL_Driver/Src/stm32l4xx_hal_rcc.o
                0x0000000008002224                HAL_RCC_GetPCLK2Freq
 .text.RCC_SetFlashLatencyFromMSIRange
                0x0000000008002250       0xc0 Drivers/STM32L4xx_HAL_Driver/Src/stm32l4xx_hal_rcc.o
 .text.HAL_RCCEx_PeriphCLKConfig
                0x0000000008002310      0x4d4 Drivers/STM32L4xx_HAL_Driver/Src/stm32l4xx_hal_rcc_ex.o
                0x0000000008002310                HAL_RCCEx_PeriphCLKConfig
 .text.RCCEx_PLLSAI1_Config
                0x00000000080027e4      0x1e0 Drivers/STM32L4xx_HAL_Driver/Src/stm32l4xx_hal_rcc_ex.o
 .text.HAL_SPI_Init
                0x00000000080029c4      0x146 Drivers/STM32L4xx_HAL_Driver/Src/stm32l4xx_hal_spi.o
                0x00000000080029c4                HAL_SPI_Init
 .text.HAL_SPI_Transmit
                0x0000000008002b0a      0x2dc Drivers/STM32L4xx_HAL_Driver/Src/stm32l4xx_hal_spi.o
                0x0000000008002b0a                HAL_SPI_Transmit
 .text.HAL_SPI_Receive
                0x0000000008002de6      0x260 Drivers/STM32L4xx_HAL_Driver/Src/stm32l4xx_hal_spi.o
                0x0000000008002de6                HAL_SPI_Receive
 .text.HAL_SPI_TransmitReceive
                0x0000000008003046      0x426 Drivers/STM32L4xx_HAL_Driver/Src/stm32l4xx_hal_spi.o
                0x0000000008003046                HAL_SPI_TransmitReceive
 .text.HAL_SPI_Receive_IT
                0x000000000800346c      0x160 Drivers/STM32L4xx_HAL_Driver/Src/stm32l4xx_hal_spi.o
                0x000000000800346c                HAL_SPI_Receive_IT
 .text.HAL_SPI_TransmitReceive_IT
                0x00000000080035cc      0x160 Drivers/STM32L4xx_HAL_Driver/Src/stm32l4xx_hal_spi.o
                0x00000000080035cc                HAL_SPI_TransmitReceive_IT
 .text.HAL_SPI_IRQHandler
                0x000000000800372c      0x200 Drivers/STM32L4xx_HAL_Driver/Src/stm32l4xx_hal_spi.o
                0x000000000800372c                HAL_SPI_IRQHandler
 .text.HAL_SPI_TxRxCpltCallback
                0x000000000800392c       0x14 Drivers/STM32L4xx_HAL_Driver/Src/stm32l4xx_hal_spi.o
                0x000000000800392c                HAL_SPI_TxRxCpltCallback
 .text.HAL_SPI_ErrorCallback
                0x0000000008003940       0x14 Drivers/STM32L4xx_HAL_Driver/Src/stm32l4xx_hal_spi.o
                0x0000000008003940                HAL_SPI_ErrorCallback
 .text.SPI_DMAAbortOnError
                0x0000000008003954       0x2a Drivers/STM32L4xx_HAL_Driver/Src/stm32l4xx_hal_spi.o
 .text.SPI_2linesRxISR_8BIT
                0x000000000800397e       0xbe Drivers/STM32L4xx_HAL_Driver/Src/stm32l4xx_hal_spi.o
 .text.SPI_2linesTxISR_8BIT
                0x0000000008003a3c       0x92 Drivers/STM32L4xx_HAL_Driver/Src/stm32l4xx_hal_spi.o
 .text.SPI_2linesRxISR_16BIT
                0x0000000008003ace       0x66 Drivers/STM32L4xx_HAL_Driver/Src/stm32l4xx_hal_spi.o
 .text.SPI_2linesTxISR_16BIT
                0x0000000008003b34       0x60 Drivers/STM32L4xx_HAL_Driver/Src/stm32l4xx_hal_spi.o
 .text.SPI_RxISR_8BIT
                0x0000000008003b94       0x50 Drivers/STM32L4xx_HAL_Driver/Src/stm32l4xx_hal_spi.o
 .text.SPI_RxISR_16BIT
                0x0000000008003be4       0x4c Drivers/STM32L4xx_HAL_Driver/Src/stm32l4xx_hal_spi.o
 .text.SPI_WaitFlagStateUntilTimeout
                0x0000000008003c30      0x110 Drivers/STM32L4xx_HAL_Driver/Src/stm32l4xx_hal_spi.o
 .text.SPI_WaitFifoStateUntilTimeout
                0x0000000008003d40      0x11c Drivers/STM32L4xx_HAL_Driver/Src/stm32l4xx_hal_spi.o
 .text.SPI_EndRxTransaction
                0x0000000008003e5c       0xb0 Drivers/STM32L4xx_HAL_Driver/Src/stm32l4xx_hal_spi.o
 .text.SPI_EndRxTxTransaction
                0x0000000008003f0c       0x8c Drivers/STM32L4xx_HAL_Driver/Src/stm32l4xx_hal_spi.o
 .text.SPI_CloseRxTx_ISR
                0x0000000008003f98       0x84 Drivers/STM32L4xx_HAL_Driver/Src/stm32l4xx_hal_spi.o
 .text.SPI_CloseRx_ISR
                0x000000000800401c       0x60 Drivers/STM32L4xx_HAL_Driver/Src/stm32l4xx_hal_spi.o
 .text.HAL_UART_Init
                0x000000000800407c       0x9c Drivers/STM32L4xx_HAL_Driver/Src/stm32l4xx_hal_uart.o
                0x000000000800407c                HAL_UART_Init
 .text.HAL_UART_Transmit
                0x0000000008004118      0x126 Drivers/STM32L4xx_HAL_Driver/Src/stm32l4xx_hal_uart.o
                0x0000000008004118                HAL_UART_Transmit
 *fill*         0x000000000800423e        0x2 
 .text.UART_SetConfig
                0x0000000008004240      0x4bc Drivers/STM32L4xx_HAL_Driver/Src/stm32l4xx_hal_uart.o
                0x0000000008004240                UART_SetConfig
 .text.UART_AdvFeatureConfig
                0x00000000080046fc      0x144 Drivers/STM32L4xx_HAL_Driver/Src/stm32l4xx_hal_uart.o
                0x00000000080046fc                UART_AdvFeatureConfig
 .text.UART_CheckIdleState
                0x0000000008004840       0x8a Drivers/STM32L4xx_HAL_Driver/Src/stm32l4xx_hal_uart.o
                0x0000000008004840                UART_CheckIdleState
 .text.UART_WaitOnFlagUntilTimeout
                0x00000000080048ca       0xf6 Drivers/STM32L4xx_HAL_Driver/Src/stm32l4xx_hal_uart.o
                0x00000000080048ca                UART_WaitOnFlagUntilTimeout
 .text.__libc_init_array
                0x00000000080049c0       0x48 c:/st/stm32cubeide_1.5.1/stm32cubeide/plugins/com.st.stm32cube.ide.mcu.externaltools.gnu-tools-for-stm32.7-2018-q2-update.win32_1.5.0.202011040924/tools/bin/../lib/gcc/arm-none-eabi/7.3.1/../../../../arm-none-eabi/lib/thumb/v7e-m/fpv4-sp/hard\libc_nano.a(lib_a-init.o)
                0x00000000080049c0                __libc_init_array
 .text.memset   0x0000000008004a08       0x10 c:/st/stm32cubeide_1.5.1/stm32cubeide/plugins/com.st.stm32cube.ide.mcu.externaltools.gnu-tools-for-stm32.7-2018-q2-update.win32_1.5.0.202011040924/tools/bin/../lib/gcc/arm-none-eabi/7.3.1/../../../../arm-none-eabi/lib/thumb/v7e-m/fpv4-sp/hard\libc_nano.a(lib_a-memset.o)
                0x0000000008004a08                memset
 *(.glue_7)
 .glue_7        0x0000000008004a18        0x0 linker stubs
 *(.glue_7t)
 .glue_7t       0x0000000008004a18        0x0 linker stubs
 *(.eh_frame)
 .eh_frame      0x0000000008004a18        0x0 c:/st/stm32cubeide_1.5.1/stm32cubeide/plugins/com.st.stm32cube.ide.mcu.externaltools.gnu-tools-for-stm32.7-2018-q2-update.win32_1.5.0.202011040924/tools/bin/../lib/gcc/arm-none-eabi/7.3.1/thumb/v7e-m/fpv4-sp/hard/crtbegin.o
 *(.init)
 .init          0x0000000008004a18        0x4 c:/st/stm32cubeide_1.5.1/stm32cubeide/plugins/com.st.stm32cube.ide.mcu.externaltools.gnu-tools-for-stm32.7-2018-q2-update.win32_1.5.0.202011040924/tools/bin/../lib/gcc/arm-none-eabi/7.3.1/thumb/v7e-m/fpv4-sp/hard/crti.o
                0x0000000008004a18                _init
 .init          0x0000000008004a1c        0x8 c:/st/stm32cubeide_1.5.1/stm32cubeide/plugins/com.st.stm32cube.ide.mcu.externaltools.gnu-tools-for-stm32.7-2018-q2-update.win32_1.5.0.202011040924/tools/bin/../lib/gcc/arm-none-eabi/7.3.1/thumb/v7e-m/fpv4-sp/hard/crtn.o
 *(.fini)
 .fini          0x0000000008004a24        0x4 c:/st/stm32cubeide_1.5.1/stm32cubeide/plugins/com.st.stm32cube.ide.mcu.externaltools.gnu-tools-for-stm32.7-2018-q2-update.win32_1.5.0.202011040924/tools/bin/../lib/gcc/arm-none-eabi/7.3.1/thumb/v7e-m/fpv4-sp/hard/crti.o
                0x0000000008004a24                _fini
 .fini          0x0000000008004a28        0x8 c:/st/stm32cubeide_1.5.1/stm32cubeide/plugins/com.st.stm32cube.ide.mcu.externaltools.gnu-tools-for-stm32.7-2018-q2-update.win32_1.5.0.202011040924/tools/bin/../lib/gcc/arm-none-eabi/7.3.1/thumb/v7e-m/fpv4-sp/hard/crtn.o
                0x0000000008004a30                . = ALIGN (0x4)
                0x0000000008004a30                _etext = .

.vfp11_veneer   0x0000000008004a30        0x0
 .vfp11_veneer  0x0000000008004a30        0x0 linker stubs

.v4_bx          0x0000000008004a30        0x0
 .v4_bx         0x0000000008004a30        0x0 linker stubs

.iplt           0x0000000008004a30        0x0
 .iplt          0x0000000008004a30        0x0 c:/st/stm32cubeide_1.5.1/stm32cubeide/plugins/com.st.stm32cube.ide.mcu.externaltools.gnu-tools-for-stm32.7-2018-q2-update.win32_1.5.0.202011040924/tools/bin/../lib/gcc/arm-none-eabi/7.3.1/thumb/v7e-m/fpv4-sp/hard/crtbegin.o

.rodata         0x0000000008004a30       0x48
                0x0000000008004a30                . = ALIGN (0x4)
 *(.rodata)
 *(.rodata*)
 .rodata.AHBPrescTable
                0x0000000008004a30       0x10 Core/Src/system_stm32l4xx.o
                0x0000000008004a30                AHBPrescTable
 .rodata.APBPrescTable
                0x0000000008004a40        0x8 Core/Src/system_stm32l4xx.o
                0x0000000008004a40                APBPrescTable
 .rodata.MSIRangeTable
                0x0000000008004a48       0x30 Core/Src/system_stm32l4xx.o
                0x0000000008004a48                MSIRangeTable
                0x0000000008004a78                . = ALIGN (0x4)

.ARM.extab      0x0000000008004a78        0x0
                0x0000000008004a78                . = ALIGN (0x4)
 *(.ARM.extab* .gnu.linkonce.armextab.*)
                0x0000000008004a78                . = ALIGN (0x4)

.ARM            0x0000000008004a78        0x8
                0x0000000008004a78                . = ALIGN (0x4)
                0x0000000008004a78                __exidx_start = .
 *(.ARM.exidx*)
 .ARM.exidx     0x0000000008004a78        0x8 c:/st/stm32cubeide_1.5.1/stm32cubeide/plugins/com.st.stm32cube.ide.mcu.externaltools.gnu-tools-for-stm32.7-2018-q2-update.win32_1.5.0.202011040924/tools/bin/../lib/gcc/arm-none-eabi/7.3.1/thumb/v7e-m/fpv4-sp/hard\libgcc.a(_udivmoddi4.o)
                0x0000000008004a80                __exidx_end = .
                0x0000000008004a80                . = ALIGN (0x4)

.rel.dyn        0x0000000008004a80        0x0
 .rel.iplt      0x0000000008004a80        0x0 c:/st/stm32cubeide_1.5.1/stm32cubeide/plugins/com.st.stm32cube.ide.mcu.externaltools.gnu-tools-for-stm32.7-2018-q2-update.win32_1.5.0.202011040924/tools/bin/../lib/gcc/arm-none-eabi/7.3.1/thumb/v7e-m/fpv4-sp/hard/crtbegin.o

.preinit_array  0x0000000008004a80        0x0
                0x0000000008004a80                . = ALIGN (0x4)
                0x0000000008004a80                PROVIDE (__preinit_array_start = .)
 *(.preinit_array*)
                0x0000000008004a80                PROVIDE (__preinit_array_end = .)
                0x0000000008004a80                . = ALIGN (0x4)

.init_array     0x0000000008004a80        0x4
                0x0000000008004a80                . = ALIGN (0x4)
                0x0000000008004a80                PROVIDE (__init_array_start = .)
 *(SORT_BY_NAME(.init_array.*))
 *(.init_array*)
 .init_array    0x0000000008004a80        0x4 c:/st/stm32cubeide_1.5.1/stm32cubeide/plugins/com.st.stm32cube.ide.mcu.externaltools.gnu-tools-for-stm32.7-2018-q2-update.win32_1.5.0.202011040924/tools/bin/../lib/gcc/arm-none-eabi/7.3.1/thumb/v7e-m/fpv4-sp/hard/crtbegin.o
                0x0000000008004a84                PROVIDE (__init_array_end = .)
                0x0000000008004a84                . = ALIGN (0x4)

.fini_array     0x0000000008004a84        0x4
                0x0000000008004a84                . = ALIGN (0x4)
                [!provide]                        PROVIDE (__fini_array_start = .)
 *(SORT_BY_NAME(.fini_array.*))
 *(.fini_array*)
 .fini_array    0x0000000008004a84        0x4 c:/st/stm32cubeide_1.5.1/stm32cubeide/plugins/com.st.stm32cube.ide.mcu.externaltools.gnu-tools-for-stm32.7-2018-q2-update.win32_1.5.0.202011040924/tools/bin/../lib/gcc/arm-none-eabi/7.3.1/thumb/v7e-m/fpv4-sp/hard/crtbegin.o
                [!provide]                        PROVIDE (__fini_array_end = .)
                0x0000000008004a88                . = ALIGN (0x4)
                0x0000000008004a88                _sidata = LOADADDR (.data)

.data           0x0000000020000000        0xc load address 0x0000000008004a88
                0x0000000020000000                . = ALIGN (0x4)
                0x0000000020000000                _sdata = .
 *(.data)
 *(.data*)
 .data.SystemCoreClock
                0x0000000020000000        0x4 Core/Src/system_stm32l4xx.o
                0x0000000020000000                SystemCoreClock
 .data.uwTickPrio
                0x0000000020000004        0x4 Drivers/STM32L4xx_HAL_Driver/Src/stm32l4xx_hal.o
                0x0000000020000004                uwTickPrio
 .data.uwTickFreq
                0x0000000020000008        0x1 Drivers/STM32L4xx_HAL_Driver/Src/stm32l4xx_hal.o
                0x0000000020000008                uwTickFreq
 *(.RamFunc)
 *(.RamFunc*)
                0x000000002000000c                . = ALIGN (0x4)
 *fill*         0x0000000020000009        0x3 
                0x000000002000000c                _edata = .

.igot.plt       0x000000002000000c        0x0 load address 0x0000000008004a94
 .igot.plt      0x000000002000000c        0x0 c:/st/stm32cubeide_1.5.1/stm32cubeide/plugins/com.st.stm32cube.ide.mcu.externaltools.gnu-tools-for-stm32.7-2018-q2-update.win32_1.5.0.202011040924/tools/bin/../lib/gcc/arm-none-eabi/7.3.1/thumb/v7e-m/fpv4-sp/hard/crtbegin.o
                0x000000002000000c                . = ALIGN (0x4)

.bss            0x000000002000000c      0x394 load address 0x0000000008004a94
                0x000000002000000c                _sbss = .
                0x000000002000000c                __bss_start__ = _sbss
 *(.bss)
 .bss           0x000000002000000c       0x1c c:/st/stm32cubeide_1.5.1/stm32cubeide/plugins/com.st.stm32cube.ide.mcu.externaltools.gnu-tools-for-stm32.7-2018-q2-update.win32_1.5.0.202011040924/tools/bin/../lib/gcc/arm-none-eabi/7.3.1/thumb/v7e-m/fpv4-sp/hard/crtbegin.o
 *(.bss*)
 .bss.spi_recv_flag
                0x0000000020000028        0x1 Core/Src/main.o
                0x0000000020000028                spi_recv_flag
 .bss.fifo_read_flag
                0x0000000020000029        0x1 Core/Src/main.o
                0x0000000020000029                fifo_read_flag
 *(COMMON)
 *fill*         0x000000002000002a        0x2 
 COMMON         0x000000002000002c      0x370 Core/Src/main.o
                0x000000002000002c                fifo_buffer
                0x0000000020000224                huart1
                0x00000000200002a4                chip_select
                0x00000000200002ac                accel_spi
                0x00000000200002b4                hspi1
                0x0000000020000318                huart2
                0x0000000020000398                fifo_buffer_size
 COMMON         0x000000002000039c        0x4 Drivers/STM32L4xx_HAL_Driver/Src/stm32l4xx_hal.o
                0x000000002000039c                uwTick
                0x00000000200003a0                . = ALIGN (0x4)
                0x00000000200003a0                _ebss = .
                0x00000000200003a0                __bss_end__ = _ebss

._user_heap_stack
                0x00000000200003a0      0x600 load address 0x0000000008004a94
                0x00000000200003a0                . = ALIGN (0x8)
                [!provide]                        PROVIDE (end = .)
                0x00000000200003a0                PROVIDE (_end = .)
                0x00000000200005a0                . = (. + _Min_Heap_Size)
 *fill*         0x00000000200003a0      0x200 
                0x00000000200009a0                . = (. + _Min_Stack_Size)
 *fill*         0x00000000200005a0      0x400 
                0x00000000200009a0                . = ALIGN (0x8)

/DISCARD/
 libc.a(*)
 libm.a(*)
 libgcc.a(*)

.ARM.attributes
                0x0000000000000000       0x30
 *(.ARM.attributes)
 .ARM.attributes
                0x0000000000000000       0x22 c:/st/stm32cubeide_1.5.1/stm32cubeide/plugins/com.st.stm32cube.ide.mcu.externaltools.gnu-tools-for-stm32.7-2018-q2-update.win32_1.5.0.202011040924/tools/bin/../lib/gcc/arm-none-eabi/7.3.1/thumb/v7e-m/fpv4-sp/hard/crti.o
 .ARM.attributes
                0x0000000000000022       0x34 c:/st/stm32cubeide_1.5.1/stm32cubeide/plugins/com.st.stm32cube.ide.mcu.externaltools.gnu-tools-for-stm32.7-2018-q2-update.win32_1.5.0.202011040924/tools/bin/../lib/gcc/arm-none-eabi/7.3.1/thumb/v7e-m/fpv4-sp/hard/crtbegin.o
 .ARM.attributes
                0x0000000000000056       0x39 Core/Src/accel.o
 .ARM.attributes
                0x000000000000008f       0x39 Core/Src/main.o
 .ARM.attributes
                0x00000000000000c8       0x39 Core/Src/stm32l4xx_hal_msp.o
 .ARM.attributes
                0x0000000000000101       0x39 Core/Src/stm32l4xx_it.o
 .ARM.attributes
                0x000000000000013a       0x39 Core/Src/system_stm32l4xx.o
 .ARM.attributes
                0x0000000000000173       0x21 Core/Startup/startup_stm32l452retx.o
 .ARM.attributes
                0x0000000000000194       0x39 Drivers/STM32L4xx_HAL_Driver/Src/stm32l4xx_hal.o
 .ARM.attributes
                0x00000000000001cd       0x39 Drivers/STM32L4xx_HAL_Driver/Src/stm32l4xx_hal_cortex.o
 .ARM.attributes
                0x0000000000000206       0x39 Drivers/STM32L4xx_HAL_Driver/Src/stm32l4xx_hal_dma.o
 .ARM.attributes
                0x000000000000023f       0x39 Drivers/STM32L4xx_HAL_Driver/Src/stm32l4xx_hal_gpio.o
 .ARM.attributes
                0x0000000000000278       0x39 Drivers/STM32L4xx_HAL_Driver/Src/stm32l4xx_hal_pwr_ex.o
 .ARM.attributes
                0x00000000000002b1       0x39 Drivers/STM32L4xx_HAL_Driver/Src/stm32l4xx_hal_rcc.o
 .ARM.attributes
                0x00000000000002ea       0x39 Drivers/STM32L4xx_HAL_Driver/Src/stm32l4xx_hal_rcc_ex.o
 .ARM.attributes
                0x0000000000000323       0x39 Drivers/STM32L4xx_HAL_Driver/Src/stm32l4xx_hal_spi.o
 .ARM.attributes
                0x000000000000035c       0x39 Drivers/STM32L4xx_HAL_Driver/Src/stm32l4xx_hal_uart.o
 .ARM.attributes
                0x0000000000000395       0x34 c:/st/stm32cubeide_1.5.1/stm32cubeide/plugins/com.st.stm32cube.ide.mcu.externaltools.gnu-tools-for-stm32.7-2018-q2-update.win32_1.5.0.202011040924/tools/bin/../lib/gcc/arm-none-eabi/7.3.1/../../../../arm-none-eabi/lib/thumb/v7e-m/fpv4-sp/hard\libc_nano.a(lib_a-init.o)
 .ARM.attributes
                0x00000000000003c9       0x34 c:/st/stm32cubeide_1.5.1/stm32cubeide/plugins/com.st.stm32cube.ide.mcu.externaltools.gnu-tools-for-stm32.7-2018-q2-update.win32_1.5.0.202011040924/tools/bin/../lib/gcc/arm-none-eabi/7.3.1/../../../../arm-none-eabi/lib/thumb/v7e-m/fpv4-sp/hard\libc_nano.a(lib_a-memset.o)
 .ARM.attributes
                0x00000000000003fd       0x22 c:/st/stm32cubeide_1.5.1/stm32cubeide/plugins/com.st.stm32cube.ide.mcu.externaltools.gnu-tools-for-stm32.7-2018-q2-update.win32_1.5.0.202011040924/tools/bin/../lib/gcc/arm-none-eabi/7.3.1/thumb/v7e-m/fpv4-sp/hard\libgcc.a(_aeabi_uldivmod.o)
 .ARM.attributes
                0x000000000000041f       0x34 c:/st/stm32cubeide_1.5.1/stm32cubeide/plugins/com.st.stm32cube.ide.mcu.externaltools.gnu-tools-for-stm32.7-2018-q2-update.win32_1.5.0.202011040924/tools/bin/../lib/gcc/arm-none-eabi/7.3.1/thumb/v7e-m/fpv4-sp/hard\libgcc.a(_udivmoddi4.o)
 .ARM.attributes
                0x0000000000000453       0x22 c:/st/stm32cubeide_1.5.1/stm32cubeide/plugins/com.st.stm32cube.ide.mcu.externaltools.gnu-tools-for-stm32.7-2018-q2-update.win32_1.5.0.202011040924/tools/bin/../lib/gcc/arm-none-eabi/7.3.1/thumb/v7e-m/fpv4-sp/hard\libgcc.a(_dvmd_tls.o)
 .ARM.attributes
                0x0000000000000475       0x22 c:/st/stm32cubeide_1.5.1/stm32cubeide/plugins/com.st.stm32cube.ide.mcu.externaltools.gnu-tools-for-stm32.7-2018-q2-update.win32_1.5.0.202011040924/tools/bin/../lib/gcc/arm-none-eabi/7.3.1/thumb/v7e-m/fpv4-sp/hard/crtn.o
OUTPUT(ADXL_Test2.elf elf32-littlearm)

.debug_info     0x0000000000000000     0xd140
 .debug_info    0x0000000000000000      0xad4 Core/Src/accel.o
 .debug_info    0x0000000000000ad4     0x1dd0 Core/Src/main.o
 .debug_info    0x00000000000028a4     0x1163 Core/Src/stm32l4xx_hal_msp.o
 .debug_info    0x0000000000003a07      0x95c Core/Src/stm32l4xx_it.o
 .debug_info    0x0000000000004363      0x741 Core/Src/system_stm32l4xx.o
 .debug_info    0x0000000000004aa4       0x22 Core/Startup/startup_stm32l452retx.o
 .debug_info    0x0000000000004ac6      0xcaf Drivers/STM32L4xx_HAL_Driver/Src/stm32l4xx_hal.o
 .debug_info    0x0000000000005775      0xf25 Drivers/STM32L4xx_HAL_Driver/Src/stm32l4xx_hal_cortex.o
 .debug_info    0x000000000000669a      0x8f2 Drivers/STM32L4xx_HAL_Driver/Src/stm32l4xx_hal_dma.o
 .debug_info    0x0000000000006f8c      0x9cf Drivers/STM32L4xx_HAL_Driver/Src/stm32l4xx_hal_gpio.o
 .debug_info    0x000000000000795b      0xadb Drivers/STM32L4xx_HAL_Driver/Src/stm32l4xx_hal_pwr_ex.o
 .debug_info    0x0000000000008436      0xceb Drivers/STM32L4xx_HAL_Driver/Src/stm32l4xx_hal_rcc.o
 .debug_info    0x0000000000009121     0x1048 Drivers/STM32L4xx_HAL_Driver/Src/stm32l4xx_hal_rcc_ex.o
 .debug_info    0x000000000000a169     0x178d Drivers/STM32L4xx_HAL_Driver/Src/stm32l4xx_hal_spi.o
 .debug_info    0x000000000000b8f6     0x184a Drivers/STM32L4xx_HAL_Driver/Src/stm32l4xx_hal_uart.o

.debug_abbrev   0x0000000000000000     0x1bf5
 .debug_abbrev  0x0000000000000000      0x1ae Core/Src/accel.o
 .debug_abbrev  0x00000000000001ae      0x2e3 Core/Src/main.o
 .debug_abbrev  0x0000000000000491      0x19e Core/Src/stm32l4xx_hal_msp.o
 .debug_abbrev  0x000000000000062f      0x161 Core/Src/stm32l4xx_it.o
 .debug_abbrev  0x0000000000000790      0x150 Core/Src/system_stm32l4xx.o
 .debug_abbrev  0x00000000000008e0       0x12 Core/Startup/startup_stm32l452retx.o
 .debug_abbrev  0x00000000000008f2      0x1fb Drivers/STM32L4xx_HAL_Driver/Src/stm32l4xx_hal.o
 .debug_abbrev  0x0000000000000aed      0x2fa Drivers/STM32L4xx_HAL_Driver/Src/stm32l4xx_hal_cortex.o
 .debug_abbrev  0x0000000000000de7      0x1d9 Drivers/STM32L4xx_HAL_Driver/Src/stm32l4xx_hal_dma.o
 .debug_abbrev  0x0000000000000fc0      0x1c0 Drivers/STM32L4xx_HAL_Driver/Src/stm32l4xx_hal_gpio.o
 .debug_abbrev  0x0000000000001180      0x1cb Drivers/STM32L4xx_HAL_Driver/Src/stm32l4xx_hal_pwr_ex.o
 .debug_abbrev  0x000000000000134b      0x245 Drivers/STM32L4xx_HAL_Driver/Src/stm32l4xx_hal_rcc.o
 .debug_abbrev  0x0000000000001590      0x238 Drivers/STM32L4xx_HAL_Driver/Src/stm32l4xx_hal_rcc_ex.o
 .debug_abbrev  0x00000000000017c8      0x228 Drivers/STM32L4xx_HAL_Driver/Src/stm32l4xx_hal_spi.o
 .debug_abbrev  0x00000000000019f0      0x205 Drivers/STM32L4xx_HAL_Driver/Src/stm32l4xx_hal_uart.o

.debug_aranges  0x0000000000000000      0xb78
 .debug_aranges
                0x0000000000000000       0x58 Core/Src/accel.o
 .debug_aranges
                0x0000000000000058       0x70 Core/Src/main.o
 .debug_aranges
                0x00000000000000c8       0x40 Core/Src/stm32l4xx_hal_msp.o
 .debug_aranges
                0x0000000000000108       0x78 Core/Src/stm32l4xx_it.o
 .debug_aranges
                0x0000000000000180       0x28 Core/Src/system_stm32l4xx.o
 .debug_aranges
                0x00000000000001a8       0x28 Core/Startup/startup_stm32l452retx.o
 .debug_aranges
                0x00000000000001d0      0x130 Drivers/STM32L4xx_HAL_Driver/Src/stm32l4xx_hal.o
 .debug_aranges
                0x0000000000000300      0x118 Drivers/STM32L4xx_HAL_Driver/Src/stm32l4xx_hal_cortex.o
 .debug_aranges
                0x0000000000000418       0x80 Drivers/STM32L4xx_HAL_Driver/Src/stm32l4xx_hal_dma.o
 .debug_aranges
                0x0000000000000498       0x58 Drivers/STM32L4xx_HAL_Driver/Src/stm32l4xx_hal_gpio.o
 .debug_aranges
                0x00000000000004f0      0x128 Drivers/STM32L4xx_HAL_Driver/Src/stm32l4xx_hal_pwr_ex.o
 .debug_aranges
                0x0000000000000618       0x88 Drivers/STM32L4xx_HAL_Driver/Src/stm32l4xx_hal_rcc.o
 .debug_aranges
                0x00000000000006a0       0xf0 Drivers/STM32L4xx_HAL_Driver/Src/stm32l4xx_hal_rcc_ex.o
 .debug_aranges
                0x0000000000000790      0x1d8 Drivers/STM32L4xx_HAL_Driver/Src/stm32l4xx_hal_spi.o
 .debug_aranges
                0x0000000000000968      0x210 Drivers/STM32L4xx_HAL_Driver/Src/stm32l4xx_hal_uart.o

.debug_ranges   0x0000000000000000      0xa90
 .debug_ranges  0x0000000000000000       0x48 Core/Src/accel.o
 .debug_ranges  0x0000000000000048       0x60 Core/Src/main.o
 .debug_ranges  0x00000000000000a8       0x30 Core/Src/stm32l4xx_hal_msp.o
 .debug_ranges  0x00000000000000d8       0x68 Core/Src/stm32l4xx_it.o
 .debug_ranges  0x0000000000000140       0x18 Core/Src/system_stm32l4xx.o
 .debug_ranges  0x0000000000000158       0x20 Core/Startup/startup_stm32l452retx.o
 .debug_ranges  0x0000000000000178      0x120 Drivers/STM32L4xx_HAL_Driver/Src/stm32l4xx_hal.o
 .debug_ranges  0x0000000000000298      0x108 Drivers/STM32L4xx_HAL_Driver/Src/stm32l4xx_hal_cortex.o
 .debug_ranges  0x00000000000003a0       0x70 Drivers/STM32L4xx_HAL_Driver/Src/stm32l4xx_hal_dma.o
 .debug_ranges  0x0000000000000410       0x48 Drivers/STM32L4xx_HAL_Driver/Src/stm32l4xx_hal_gpio.o
 .debug_ranges  0x0000000000000458      0x118 Drivers/STM32L4xx_HAL_Driver/Src/stm32l4xx_hal_pwr_ex.o
 .debug_ranges  0x0000000000000570       0x78 Drivers/STM32L4xx_HAL_Driver/Src/stm32l4xx_hal_rcc.o
 .debug_ranges  0x00000000000005e8       0xe0 Drivers/STM32L4xx_HAL_Driver/Src/stm32l4xx_hal_rcc_ex.o
 .debug_ranges  0x00000000000006c8      0x1c8 Drivers/STM32L4xx_HAL_Driver/Src/stm32l4xx_hal_spi.o
 .debug_ranges  0x0000000000000890      0x200 Drivers/STM32L4xx_HAL_Driver/Src/stm32l4xx_hal_uart.o

.debug_macro    0x0000000000000000    0x2273c
 .debug_macro   0x0000000000000000      0x1e9 Core/Src/accel.o
 .debug_macro   0x00000000000001e9      0xa5a Core/Src/accel.o
 .debug_macro   0x0000000000000c43      0x1ad Core/Src/accel.o
 .debug_macro   0x0000000000000df0       0x2e Core/Src/accel.o
 .debug_macro   0x0000000000000e1e       0x28 Core/Src/accel.o
 .debug_macro   0x0000000000000e46       0x22 Core/Src/accel.o
 .debug_macro   0x0000000000000e68       0x8e Core/Src/accel.o
 .debug_macro   0x0000000000000ef6       0x51 Core/Src/accel.o
 .debug_macro   0x0000000000000f47       0xef Core/Src/accel.o
 .debug_macro   0x0000000000001036       0x6a Core/Src/accel.o
 .debug_macro   0x00000000000010a0      0x1df Core/Src/accel.o
 .debug_macro   0x000000000000127f       0x1c Core/Src/accel.o
 .debug_macro   0x000000000000129b       0x22 Core/Src/accel.o
 .debug_macro   0x00000000000012bd      0x101 Core/Src/accel.o
 .debug_macro   0x00000000000013be     0x1011 Core/Src/accel.o
 .debug_macro   0x00000000000023cf      0x11f Core/Src/accel.o
 .debug_macro   0x00000000000024ee    0x16336 Core/Src/accel.o
 .debug_macro   0x0000000000018824       0x43 Core/Src/accel.o
 .debug_macro   0x0000000000018867     0x3890 Core/Src/accel.o
 .debug_macro   0x000000000001c0f7      0x174 Core/Src/accel.o
 .debug_macro   0x000000000001c26b       0x5c Core/Src/accel.o
 .debug_macro   0x000000000001c2c7     0x13bb Core/Src/accel.o
 .debug_macro   0x000000000001d682      0x63f Core/Src/accel.o
 .debug_macro   0x000000000001dcc1      0x13d Core/Src/accel.o
 .debug_macro   0x000000000001ddfe      0x168 Core/Src/accel.o
 .debug_macro   0x000000000001df66      0x26b Core/Src/accel.o
 .debug_macro   0x000000000001e1d1      0x23d Core/Src/accel.o
 .debug_macro   0x000000000001e40e      0x241 Core/Src/accel.o
 .debug_macro   0x000000000001e64f      0x375 Core/Src/accel.o
 .debug_macro   0x000000000001e9c4       0xd6 Core/Src/accel.o
 .debug_macro   0x000000000001ea9a      0x22c Core/Src/accel.o
 .debug_macro   0x000000000001ecc6       0x61 Core/Src/accel.o
 .debug_macro   0x000000000001ed27       0xa5 Core/Src/accel.o
 .debug_macro   0x000000000001edcc      0x122 Core/Src/accel.o
 .debug_macro   0x000000000001eeee      0x365 Core/Src/accel.o
 .debug_macro   0x000000000001f253      0x2fe Core/Src/accel.o
 .debug_macro   0x000000000001f551      0x59e Core/Src/accel.o
 .debug_macro   0x000000000001faef       0x44 Core/Src/accel.o
 .debug_macro   0x000000000001fb33      0x2ec Core/Src/accel.o
 .debug_macro   0x000000000001fe1f      0x16c Core/Src/accel.o
 .debug_macro   0x000000000001ff8b      0x37c Core/Src/main.o
 .debug_macro   0x0000000000020307      0x172 Core/Src/main.o
 .debug_macro   0x0000000000020479       0x52 Core/Src/main.o
 .debug_macro   0x00000000000204cb       0x46 Core/Src/main.o
 .debug_macro   0x0000000000020511       0x18 Core/Src/main.o
 .debug_macro   0x0000000000020529       0x3c Core/Src/main.o
 .debug_macro   0x0000000000020565       0x34 Core/Src/main.o
 .debug_macro   0x0000000000020599       0x16 Core/Src/main.o
 .debug_macro   0x00000000000205af       0x35 Core/Src/main.o
 .debug_macro   0x00000000000205e4      0x32a Core/Src/main.o
 .debug_macro   0x000000000002090e       0x10 Core/Src/main.o
 .debug_macro   0x000000000002091e       0x52 Core/Src/main.o
 .debug_macro   0x0000000000020970       0x1f Core/Src/main.o
 .debug_macro   0x000000000002098f       0x43 Core/Src/main.o
 .debug_macro   0x00000000000209d2       0x20 Core/Src/main.o
 .debug_macro   0x00000000000209f2      0x1a3 Core/Src/main.o
 .debug_macro   0x0000000000020b95       0x10 Core/Src/main.o
 .debug_macro   0x0000000000020ba5       0x1c Core/Src/main.o
 .debug_macro   0x0000000000020bc1       0x52 Core/Src/main.o
 .debug_macro   0x0000000000020c13       0x40 Core/Src/main.o
 .debug_macro   0x0000000000020c53       0x10 Core/Src/main.o
 .debug_macro   0x0000000000020c63       0x40 Core/Src/main.o
 .debug_macro   0x0000000000020ca3       0xd7 Core/Src/main.o
 .debug_macro   0x0000000000020d7a       0x1c Core/Src/main.o
 .debug_macro   0x0000000000020d96       0x3d Core/Src/main.o
 .debug_macro   0x0000000000020dd3       0x16 Core/Src/main.o
 .debug_macro   0x0000000000020de9      0x145 Core/Src/main.o
 .debug_macro   0x0000000000020f2e       0x16 Core/Src/main.o
 .debug_macro   0x0000000000020f44       0x20 Core/Src/main.o
 .debug_macro   0x0000000000020f64      0x1f2 Core/Src/stm32l4xx_hal_msp.o
 .debug_macro   0x0000000000021156      0x200 Core/Src/stm32l4xx_it.o
 .debug_macro   0x0000000000021356      0x1e0 Core/Src/system_stm32l4xx.o
 .debug_macro   0x0000000000021536      0x228 Drivers/STM32L4xx_HAL_Driver/Src/stm32l4xx_hal.o
 .debug_macro   0x000000000002175e      0x1da Drivers/STM32L4xx_HAL_Driver/Src/stm32l4xx_hal_cortex.o
 .debug_macro   0x0000000000021938      0x1da Drivers/STM32L4xx_HAL_Driver/Src/stm32l4xx_hal_dma.o
 .debug_macro   0x0000000000021b12      0x219 Drivers/STM32L4xx_HAL_Driver/Src/stm32l4xx_hal_gpio.o
 .debug_macro   0x0000000000021d2b      0x1fe Drivers/STM32L4xx_HAL_Driver/Src/stm32l4xx_hal_pwr_ex.o
 .debug_macro   0x0000000000021f29      0x21c Drivers/STM32L4xx_HAL_Driver/Src/stm32l4xx_hal_rcc.o
 .debug_macro   0x0000000000022145      0x210 Drivers/STM32L4xx_HAL_Driver/Src/stm32l4xx_hal_rcc_ex.o
 .debug_macro   0x0000000000022355      0x1e2 Drivers/STM32L4xx_HAL_Driver/Src/stm32l4xx_hal_spi.o
 .debug_macro   0x0000000000022537      0x205 Drivers/STM32L4xx_HAL_Driver/Src/stm32l4xx_hal_uart.o

.debug_line     0x0000000000000000     0x9329
 .debug_line    0x0000000000000000      0x7ae Core/Src/accel.o
 .debug_line    0x00000000000007ae      0xa56 Core/Src/main.o
 .debug_line    0x0000000000001204      0x775 Core/Src/stm32l4xx_hal_msp.o
 .debug_line    0x0000000000001979      0x7dc Core/Src/stm32l4xx_it.o
 .debug_line    0x0000000000002155      0x71e Core/Src/system_stm32l4xx.o
 .debug_line    0x0000000000002873       0x87 Core/Startup/startup_stm32l452retx.o
 .debug_line    0x00000000000028fa      0x995 Drivers/STM32L4xx_HAL_Driver/Src/stm32l4xx_hal.o
 .debug_line    0x000000000000328f      0xa1c Drivers/STM32L4xx_HAL_Driver/Src/stm32l4xx_hal_cortex.o
 .debug_line    0x0000000000003cab      0x917 Drivers/STM32L4xx_HAL_Driver/Src/stm32l4xx_hal_dma.o
 .debug_line    0x00000000000045c2      0x883 Drivers/STM32L4xx_HAL_Driver/Src/stm32l4xx_hal_gpio.o
 .debug_line    0x0000000000004e45      0xa35 Drivers/STM32L4xx_HAL_Driver/Src/stm32l4xx_hal_pwr_ex.o
 .debug_line    0x000000000000587a      0xa19 Drivers/STM32L4xx_HAL_Driver/Src/stm32l4xx_hal_rcc.o
 .debug_line    0x0000000000006293      0xc8f Drivers/STM32L4xx_HAL_Driver/Src/stm32l4xx_hal_rcc_ex.o
 .debug_line    0x0000000000006f22     0x118e Drivers/STM32L4xx_HAL_Driver/Src/stm32l4xx_hal_spi.o
 .debug_line    0x00000000000080b0     0x1279 Drivers/STM32L4xx_HAL_Driver/Src/stm32l4xx_hal_uart.o

.debug_str      0x0000000000000000    0xd197f
 .debug_str     0x0000000000000000    0xca16c Core/Src/accel.o
                                      0xca4a9 (size before relaxing)
 .debug_str     0x00000000000ca16c     0x4d28 Core/Src/main.o
                                      0xcf269 (size before relaxing)
 .debug_str     0x00000000000cee94       0x78 Core/Src/stm32l4xx_hal_msp.o
                                      0xcacd9 (size before relaxing)
 .debug_str     0x00000000000cef0c       0xf1 Core/Src/stm32l4xx_it.o
                                      0xca603 (size before relaxing)
 .debug_str     0x00000000000ceffd       0xcd Core/Src/system_stm32l4xx.o
                                      0xc9bcb (size before relaxing)
 .debug_str     0x00000000000cf0ca       0x77 Core/Startup/startup_stm32l452retx.o
 .debug_str     0x00000000000cf141      0x5fd Drivers/STM32L4xx_HAL_Driver/Src/stm32l4xx_hal.o
                                      0xca65c (size before relaxing)
 .debug_str     0x00000000000cf73e      0x389 Drivers/STM32L4xx_HAL_Driver/Src/stm32l4xx_hal_cortex.o
                                      0xca376 (size before relaxing)
 .debug_str     0x00000000000cfac7      0x258 Drivers/STM32L4xx_HAL_Driver/Src/stm32l4xx_hal_dma.o
                                      0xc9e19 (size before relaxing)
 .debug_str     0x00000000000cfd1f      0x216 Drivers/STM32L4xx_HAL_Driver/Src/stm32l4xx_hal_gpio.o
                                      0xc9e45 (size before relaxing)
 .debug_str     0x00000000000cff35      0x45a Drivers/STM32L4xx_HAL_Driver/Src/stm32l4xx_hal_pwr_ex.o
                                      0xca067 (size before relaxing)
 .debug_str     0x00000000000d038f      0x34e Drivers/STM32L4xx_HAL_Driver/Src/stm32l4xx_hal_rcc.o
                                      0xca147 (size before relaxing)
 .debug_str     0x00000000000d06dd      0x527 Drivers/STM32L4xx_HAL_Driver/Src/stm32l4xx_hal_rcc_ex.o
                                      0xca423 (size before relaxing)
 .debug_str     0x00000000000d0c04      0x558 Drivers/STM32L4xx_HAL_Driver/Src/stm32l4xx_hal_spi.o
                                      0xca36d (size before relaxing)
 .debug_str     0x00000000000d115c      0x823 Drivers/STM32L4xx_HAL_Driver/Src/stm32l4xx_hal_uart.o
                                      0xca782 (size before relaxing)

.comment        0x0000000000000000       0x7b
 .comment       0x0000000000000000       0x7b Core/Src/accel.o
                                         0x7c (size before relaxing)
 .comment       0x000000000000007b       0x7c Core/Src/main.o
 .comment       0x000000000000007b       0x7c Core/Src/stm32l4xx_hal_msp.o
 .comment       0x000000000000007b       0x7c Core/Src/stm32l4xx_it.o
 .comment       0x000000000000007b       0x7c Core/Src/system_stm32l4xx.o
 .comment       0x000000000000007b       0x7c Drivers/STM32L4xx_HAL_Driver/Src/stm32l4xx_hal.o
 .comment       0x000000000000007b       0x7c Drivers/STM32L4xx_HAL_Driver/Src/stm32l4xx_hal_cortex.o
 .comment       0x000000000000007b       0x7c Drivers/STM32L4xx_HAL_Driver/Src/stm32l4xx_hal_dma.o
 .comment       0x000000000000007b       0x7c Drivers/STM32L4xx_HAL_Driver/Src/stm32l4xx_hal_gpio.o
 .comment       0x000000000000007b       0x7c Drivers/STM32L4xx_HAL_Driver/Src/stm32l4xx_hal_pwr_ex.o
 .comment       0x000000000000007b       0x7c Drivers/STM32L4xx_HAL_Driver/Src/stm32l4xx_hal_rcc.o
 .comment       0x000000000000007b       0x7c Drivers/STM32L4xx_HAL_Driver/Src/stm32l4xx_hal_rcc_ex.o
 .comment       0x000000000000007b       0x7c Drivers/STM32L4xx_HAL_Driver/Src/stm32l4xx_hal_spi.o
 .comment       0x000000000000007b       0x7c Drivers/STM32L4xx_HAL_Driver/Src/stm32l4xx_hal_uart.o

.debug_frame    0x0000000000000000     0x2e98
 .debug_frame   0x0000000000000000      0x144 Core/Src/accel.o
 .debug_frame   0x0000000000000144      0x174 Core/Src/main.o
 .debug_frame   0x00000000000002b8       0xc8 Core/Src/stm32l4xx_hal_msp.o
 .debug_frame   0x0000000000000380      0x158 Core/Src/stm32l4xx_it.o
 .debug_frame   0x00000000000004d8       0x58 Core/Src/system_stm32l4xx.o
 .debug_frame   0x0000000000000530      0x498 Drivers/STM32L4xx_HAL_Driver/Src/stm32l4xx_hal.o
 .debug_frame   0x00000000000009c8      0x498 Drivers/STM32L4xx_HAL_Driver/Src/stm32l4xx_hal_cortex.o
 .debug_frame   0x0000000000000e60      0x204 Drivers/STM32L4xx_HAL_Driver/Src/stm32l4xx_hal_dma.o
 .debug_frame   0x0000000000001064      0x14c Drivers/STM32L4xx_HAL_Driver/Src/stm32l4xx_hal_gpio.o
 .debug_frame   0x00000000000011b0      0x4a4 Drivers/STM32L4xx_HAL_Driver/Src/stm32l4xx_hal_pwr_ex.o
 .debug_frame   0x0000000000001654      0x1f4 Drivers/STM32L4xx_HAL_Driver/Src/stm32l4xx_hal_rcc.o
 .debug_frame   0x0000000000001848      0x3d0 Drivers/STM32L4xx_HAL_Driver/Src/stm32l4xx_hal_rcc_ex.o
 .debug_frame   0x0000000000001c18      0x860 Drivers/STM32L4xx_HAL_Driver/Src/stm32l4xx_hal_spi.o
 .debug_frame   0x0000000000002478      0x974 Drivers/STM32L4xx_HAL_Driver/Src/stm32l4xx_hal_uart.o
 .debug_frame   0x0000000000002dec       0x2c c:/st/stm32cubeide_1.5.1/stm32cubeide/plugins/com.st.stm32cube.ide.mcu.externaltools.gnu-tools-for-stm32.7-2018-q2-update.win32_1.5.0.202011040924/tools/bin/../lib/gcc/arm-none-eabi/7.3.1/../../../../arm-none-eabi/lib/thumb/v7e-m/fpv4-sp/hard\libc_nano.a(lib_a-init.o)
 .debug_frame   0x0000000000002e18       0x20 c:/st/stm32cubeide_1.5.1/stm32cubeide/plugins/com.st.stm32cube.ide.mcu.externaltools.gnu-tools-for-stm32.7-2018-q2-update.win32_1.5.0.202011040924/tools/bin/../lib/gcc/arm-none-eabi/7.3.1/../../../../arm-none-eabi/lib/thumb/v7e-m/fpv4-sp/hard\libc_nano.a(lib_a-memset.o)
 .debug_frame   0x0000000000002e38       0x2c c:/st/stm32cubeide_1.5.1/stm32cubeide/plugins/com.st.stm32cube.ide.mcu.externaltools.gnu-tools-for-stm32.7-2018-q2-update.win32_1.5.0.202011040924/tools/bin/../lib/gcc/arm-none-eabi/7.3.1/thumb/v7e-m/fpv4-sp/hard\libgcc.a(_aeabi_uldivmod.o)
 .debug_frame   0x0000000000002e64       0x34 c:/st/stm32cubeide_1.5.1/stm32cubeide/plugins/com.st.stm32cube.ide.mcu.externaltools.gnu-tools-for-stm32.7-2018-q2-update.win32_1.5.0.202011040924/tools/bin/../lib/gcc/arm-none-eabi/7.3.1/thumb/v7e-m/fpv4-sp/hard\libgcc.a(_udivmoddi4.o)
