usbd_conf.c:70:6:HAL_PCD_MspInit	48	static
usbd_conf.c:103:6:HAL_PCD_MspDeInit	16	static
usbd_conf.c:136:6:HAL_PCD_SetupStageCallback	16	static
usbd_conf.c:151:6:HAL_PCD_DataOutStageCallback	16	static
usbd_conf.c:166:6:HAL_PCD_DataInStageCallback	16	static
usbd_conf.c:180:6:HAL_PCD_SOFCallback	16	static
usbd_conf.c:194:6:HAL_PCD_ResetCallback	24	static
usbd_conf.c:219:6:HAL_PCD_SuspendCallback	16	static
usbd_conf.c:243:6:HAL_PCD_ResumeCallback	16	static
usbd_conf.c:267:6:HAL_PCD_ISOOUTIncompleteCallback	16	static
usbd_conf.c:282:6:HAL_PCD_ISOINIncompleteCallback	16	static
usbd_conf.c:296:6:HAL_PCD_ConnectCallback	16	static
usbd_conf.c:310:6:HAL_PCD_DisconnectCallback	16	static
usbd_conf.c:325:20:USBD_LL_Init	16	static
usbd_conf.c:379:20:USBD_LL_DeInit	24	static
usbd_conf.c:411:20:USBD_LL_Start	24	static
usbd_conf.c:443:20:USBD_LL_Stop	24	static
usbd_conf.c:478:20:USBD_LL_OpenEP	24	static
usbd_conf.c:511:20:USBD_LL_CloseEP	24	static
usbd_conf.c:544:20:USBD_LL_FlushEP	24	static
usbd_conf.c:577:20:USBD_LL_StallEP	24	static
usbd_conf.c:610:20:USBD_LL_ClearStallEP	24	static
usbd_conf.c:643:9:USBD_LL_IsStallEP	24	static
usbd_conf.c:663:20:USBD_LL_SetUSBAddress	24	static
usbd_conf.c:698:20:USBD_LL_Transmit	32	static
usbd_conf.c:733:20:USBD_LL_PrepareReceive	32	static
usbd_conf.c:766:10:USBD_LL_GetRxDataSize	16	static
usbd_conf.c:777:6:HAL_PCDEx_LPM_Callback	16	static
usbd_conf.c:810:6:USBD_LL_Delay	16	static
usbd_conf.c:820:7:USBD_static_malloc	16	static
usbd_conf.c:831:6:USBD_static_free	16	static
usbd_conf.c:842:13:SystemClockConfig_Resume	8	static
