stm32l4xx_hal_pcd.c:128:19:HAL_PCD_Init	64	static
stm32l4xx_hal_pcd.c:255:19:HAL_PCD_DeInit	16	static
stm32l4xx_hal_pcd.c:294:13:HAL_PCD_MspInit	16	static
stm32l4xx_hal_pcd.c:309:13:HAL_PCD_MspDeInit	16	static
stm32l4xx_hal_pcd.c:1004:19:HAL_PCD_Start	16	static
stm32l4xx_hal_pcd.c:1030:19:HAL_PCD_Stop	16	static
stm32l4xx_hal_pcd.c:1434:6:HAL_PCD_IRQHandler	16	static
stm32l4xx_hal_pcd.c:1560:13:HAL_PCD_DataOutStageCallback	16	static
stm32l4xx_hal_pcd.c:1577:13:HAL_PCD_DataInStageCallback	16	static
stm32l4xx_hal_pcd.c:1592:13:HAL_PCD_SetupStageCallback	16	static
stm32l4xx_hal_pcd.c:1607:13:HAL_PCD_SOFCallback	16	static
stm32l4xx_hal_pcd.c:1622:13:HAL_PCD_ResetCallback	16	static
stm32l4xx_hal_pcd.c:1637:13:HAL_PCD_SuspendCallback	16	static
stm32l4xx_hal_pcd.c:1652:13:HAL_PCD_ResumeCallback	16	static
stm32l4xx_hal_pcd.c:1668:13:HAL_PCD_ISOOUTIncompleteCallback	16	static
stm32l4xx_hal_pcd.c:1685:13:HAL_PCD_ISOINIncompleteCallback	16	static
stm32l4xx_hal_pcd.c:1701:13:HAL_PCD_ConnectCallback	16	static
stm32l4xx_hal_pcd.c:1716:13:HAL_PCD_DisconnectCallback	16	static
stm32l4xx_hal_pcd.c:1750:19:HAL_PCD_DevConnect	16	static
stm32l4xx_hal_pcd.c:1775:19:HAL_PCD_DevDisconnect	16	static
stm32l4xx_hal_pcd.c:1803:19:HAL_PCD_SetAddress	16	static
stm32l4xx_hal_pcd.c:1820:19:HAL_PCD_EP_Open	24	static
stm32l4xx_hal_pcd.c:1864:19:HAL_PCD_EP_Close	24	static
stm32l4xx_hal_pcd.c:1895:19:HAL_PCD_EP_Receive	32	static
stm32l4xx_hal_pcd.c:1926:10:HAL_PCD_EP_GetRxCount	16	static
stm32l4xx_hal_pcd.c:1938:19:HAL_PCD_EP_Transmit	32	static
stm32l4xx_hal_pcd.c:1973:19:HAL_PCD_EP_SetStall	24	static
stm32l4xx_hal_pcd.c:2014:19:HAL_PCD_EP_ClrStall	24	static
stm32l4xx_hal_pcd.c:2050:19:HAL_PCD_EP_Flush	16	static
stm32l4xx_hal_pcd.c:2073:19:HAL_PCD_ActivateRemoteWakeup	16	static
stm32l4xx_hal_pcd.c:2083:19:HAL_PCD_DeActivateRemoteWakeup	16	static
stm32l4xx_hal_pcd.c:2112:18:HAL_PCD_GetState	16	static
stm32l4xx_hal_pcd.c:2272:26:PCD_EP_ISR_Handler	64	static
stm32l4xx_hal_pcd.c:2506:17:HAL_PCD_EP_DB_Receive	40	static
stm32l4xx_hal_pcd.c:2587:26:HAL_PCD_EP_DB_Transmit	80	static
